// Jest Snapshot v1, https://goo.gl/fbAQLP

exports[`Global Nav should match the snapshot 1`] = `
<nav
  class="nav"
>
  <div
    class="container"
  >
    <a
      href="author avatar link"
    >
      <img
        alt="author avatar alt"
        class="avatarImg"
        src="author avatar path"
      />
    </a>
    <p
      class="name"
    >
      author name
    </p>
    <p
      class="email"
    >
      author email
    </p>
  </div>
  <div
    class="content"
  >
    This is content
  </div>
</nav>
`;
