// Jest Snapshot v1, https://goo.gl/fbAQLP

exports[`Skeleton should match the snapshot 1`] = `
<div
  class="container"
>
  <aside
    class="nav"
  >
    <div>
      Nav
    </div>
  </aside>
  <main
    class="mainContent"
  >
    <div>
      Header
    </div>
    <div>
      MainContent
    </div>
  </main>
</div>
`;
