// Jest Snapshot v1, https://goo.gl/fbAQLP

exports[`Global Nav should match the snapshot 1`] = `
<nav
  class="nav"
>
  <div
    class="sourceCodeBanner"
  >
    <a
      href="https://github.com/fa93hws/blog"
      rel="noopener noreferrer"
      target="_blank"
    >
      <p
        class="textMicro"
      >
        源代码
      </p>
    </a>
  </div>
  <div
    class="authorContainer"
  >
    <a
      href="https://github.com/fa93hws/"
      rel="noopener noreferrer"
      target="_blank"
    >
      <img
        alt="avatar"
        class="avatarImg"
        src="https://avatars0.githubusercontent.com/u/10626756"
      />
    </a>
    <div
      class="name"
    >
      <p
        class="textMicro"
      >
        夏目天子
      </p>
    </div>
    <div
      class="email"
    >
      <p
        class="textMicro"
      >
        wjun0912@gmail.com
      </p>
    </div>
  </div>
  <ul
    class="list"
  >
    <li>
      <a
        class="link"
        href="/link1"
      >
        <p
          class="textMicro"
        >
          item1
        </p>
      </a>
    </li>
    <li>
      <a
        class="link"
        href="https:www.github.com/link2"
        rel="noopener noreferrer"
        target="_blank"
      >
        <p
          class="textMicro"
        >
          item2
        </p>
      </a>
    </li>
  </ul>
</nav>
`;
